00:00 +0: loading /Users/bannzai/ghq/github.com/bannzai/pilll/test/entity/pill_sheet_group_test.dart                                                                                                   00:01 +0: loading /Users/bannzai/ghq/github.com/bannzai/pilll/test/entity/pill_sheet_group_test.dart                                                                                                   00:01 +0: #activePillSheet ピルシートが1つの場合 今日がピルシートの期間内の場合はそのピルシートを返す                                                                                                                                      00:02 +0: #activePillSheet ピルシートが1つの場合 今日がピルシートの期間内の場合はそのピルシートを返す                                                                                                                                      00:02 +1: #activePillSheet ピルシートが1つの場合 今日がピルシートの期間内の場合はそのピルシートを返す                                                                                                                                      00:02 +1: #activePillSheet ピルシートが1つの場合 今日がピルシート開始日の場合はそのピルシートを返す（境界値）                                                                                                                                  00:02 +2: #activePillSheet ピルシートが1つの場合 今日がピルシート開始日の場合はそのピルシートを返す（境界値）                                                                                                                                  00:02 +2: #activePillSheet ピルシートが1つの場合 今日がピルシート終了日の場合はそのピルシートを返す（境界値）                                                                                                                                  00:02 +3: #activePillSheet ピルシートが1つの場合 今日がピルシート終了日の場合はそのピルシートを返す（境界値）                                                                                                                                  00:02 +3: #activePillSheet ピルシートが1つの場合 今日がピルシート開始日前日の場合はnullを返す（境界値・期間外）                                                                                                                               00:02 +4: #activePillSheet ピルシートが1つの場合 今日がピルシート開始日前日の場合はnullを返す（境界値・期間外）                                                                                                                               00:02 +4: #activePillSheet ピルシートが1つの場合 今日がピルシート終了日の翌日の場合はnullを返す（境界値・期間外）                                                                                                                              00:02 +5: #activePillSheet ピルシートが1つの場合 今日がピルシート終了日の翌日の場合はnullを返す（境界値・期間外）                                                                                                                              00:02 +5: #activePillSheet ピルシートが1つの場合 服用お休み期間がある場合 服用お休みにより終了日がずれた場合、今日がその終了日でもピルシートを返す                                                                                                               00:02 +6: #activePillSheet ピルシートが1つの場合 服用お休み期間がある場合 服用お休みにより終了日がずれた場合、今日がその終了日でもピルシートを返す                                                                                                               00:02 +6: #activePillSheet ピルシートが1つの場合 服用お休み期間がある場合 服用お休みがまだ終了していない場合でもアクティブなピルシートを返す                                                                                                                  00:02 +7: #activePillSheet ピルシートが1つの場合 服用お休み期間がある場合 服用お休みがまだ終了していない場合でもアクティブなピルシートを返す                                                                                                                  00:02 +7: #activePillSheet ピルシートが複数ある場合 今日が1枚目の期間内の場合は1枚目を返す                                                                                                                                           00:02 +8: #activePillSheet ピルシートが複数ある場合 今日が1枚目の期間内の場合は1枚目を返す                                                                                                                                           00:02 +8: #activePillSheet ピルシートが複数ある場合 今日が1枚目の終了日の場合は1枚目を返す（境界値）                                                                                                                                      00:02 +9: #activePillSheet ピルシートが複数ある場合 今日が1枚目の終了日の場合は1枚目を返す（境界値）                                                                                                                                      00:02 +9: #activePillSheet ピルシートが複数ある場合 今日が2枚目の開始日の場合は2枚目を返す（境界値）                                                                                                                                      00:02 +10: #activePillSheet ピルシートが複数ある場合 今日が2枚目の開始日の場合は2枚目を返す（境界値）                                                                                                                                     00:02 +10: #activePillSheet ピルシートが複数ある場合 今日が2枚目の期間内の場合は2枚目を返す                                                                                                                                          00:02 +11: #activePillSheet ピルシートが複数ある場合 今日が2枚目の期間内の場合は2枚目を返す                                                                                                                                          00:02 +11: #activePillSheet ピルシートが複数ある場合 今日が3枚目の終了日の場合は3枚目を返す（境界値）                                                                                                                                     00:02 +12: #activePillSheet ピルシートが複数ある場合 今日が3枚目の終了日の場合は3枚目を返す（境界値）                                                                                                                                     00:02 +12: #activePillSheet ピルシートが複数ある場合 今日が全てのピルシート期間外の場合はnullを返す                                                                                                                                     00:02 +13: #activePillSheet ピルシートが複数ある場合 今日が全てのピルシート期間外の場合はnullを返す                                                                                                                                     00:02 +13: #activePillSheet PillSheetTypeによる違い 28錠タイプ: 今日がピルシート終了日（28日目）の場合はそのピルシートを返す                                                                                                                 00:02 +14: #activePillSheet PillSheetTypeによる違い 28錠タイプ: 今日がピルシート終了日（28日目）の場合はそのピルシートを返す                                                                                                                 00:02 +14: #activePillSheet PillSheetTypeによる違い 24錠タイプ: 今日がピルシート終了日（24日目）の場合はそのピルシートを返す                                                                                                                 00:02 +15: #activePillSheet PillSheetTypeによる違い 24錠タイプ: 今日がピルシート終了日（24日目）の場合はそのピルシートを返す                                                                                                                 00:02 +15: #activePillSheetWhen ピルシートが空の場合 nullを返す                                                                                                                                                     00:02 +16: #activePillSheetWhen ピルシートが空の場合 nullを返す                                                                                                                                                     00:02 +16: #activePillSheetWhen ピルシートが1枚の場合 開始日より前の日付ではnullを返す                                                                                                                                         00:02 +17: #activePillSheetWhen ピルシートが1枚の場合 開始日より前の日付ではnullを返す                                                                                                                                         00:02 +17: #activePillSheetWhen ピルシートが1枚の場合 開始日ちょうどの日付ではピルシートを返す                                                                                                                                       00:02 +18: #activePillSheetWhen ピルシートが1枚の場合 開始日ちょうどの日付ではピルシートを返す                                                                                                                                       00:02 +18: #activePillSheetWhen ピルシートが1枚の場合 期間内の日付ではピルシートを返す                                                                                                                                           00:02 +19: #activePillSheetWhen ピルシートが1枚の場合 期間内の日付ではピルシートを返す                                                                                                                                           00:02 +19: #activePillSheetWhen ピルシートが1枚の場合 終了日ちょうどの日付ではピルシートを返す                                                                                                                                       00:02 +20: #activePillSheetWhen ピルシートが1枚の場合 終了日ちょうどの日付ではピルシートを返す                                                                                                                                       00:02 +20: #activePillSheetWhen ピルシートが1枚の場合 終了日より後の日付ではnullを返す                                                                                                                                         00:02 +21: #activePillSheetWhen ピルシートが1枚の場合 終了日より後の日付ではnullを返す                                                                                                                                         00:02 +21: #activePillSheetWhen ピルシートが複数枚の場合 1枚目の期間内では1枚目を返す                                                                                                                                           00:02 +22: #activePillSheetWhen ピルシートが複数枚の場合 1枚目の期間内では1枚目を返す                                                                                                                                           00:02 +22: #activePillSheetWhen ピルシートが複数枚の場合 1枚目の最終日では1枚目を返す（境界値）                                                                                                                                      00:02 +23: #activePillSheetWhen ピルシートが複数枚の場合 1枚目の最終日では1枚目を返す（境界値）                                                                                                                                      00:02 +23: #activePillSheetWhen ピルシートが複数枚の場合 2枚目の開始日では2枚目を返す（境界値）                                                                                                                                      00:02 +24: #activePillSheetWhen ピルシートが複数枚の場合 2枚目の開始日では2枚目を返す（境界値）                                                                                                                                      00:02 +24: #activePillSheetWhen ピルシートが複数枚の場合 2枚目の期間内では2枚目を返す                                                                                                                                           00:02 +25: #activePillSheetWhen ピルシートが複数枚の場合 2枚目の期間内では2枚目を返す                                                                                                                                           00:02 +25: #activePillSheetWhen ピルシートが複数枚の場合 2枚目の最終日では2枚目を返す（境界値）                                                                                                                                      00:02 +26: #activePillSheetWhen ピルシートが複数枚の場合 2枚目の最終日では2枚目を返す（境界値）                                                                                                                                      00:02 +26: #activePillSheetWhen ピルシートが複数枚の場合 全シートの期間外ではnullを返す                                                                                                                                         00:02 +27: #activePillSheetWhen ピルシートが複数枚の場合 全シートの期間外ではnullを返す                                                                                                                                         00:02 +27: #activePillSheetWhen 休薬期間（RestDuration）がある場合 休薬期間により終了日が延長されてアクティブなピルシートを返す                                                                                                                 00:02 +28: #activePillSheetWhen 休薬期間（RestDuration）がある場合 休薬期間により終了日が延長されてアクティブなピルシートを返す                                                                                                                 00:02 +28: #activePillSheetWhen 休薬期間（RestDuration）がある場合 休薬期間考慮後の終了日を超えた日付ではnullを返す                                                                                                                     00:02 +29: #activePillSheetWhen 休薬期間（RestDuration）がある場合 休薬期間考慮後の終了日を超えた日付ではnullを返す                                                                                                                     00:02 +29: #activePillSheetWhen 3枚以上のピルシートがある場合 3枚目の期間内では3枚目を返す                                                                                                                                        00:02 +30: #activePillSheetWhen 3枚以上のピルシートがある場合 3枚目の期間内では3枚目を返す                                                                                                                                        00:02 +30: #activePillSheetWhen 3枚以上のピルシートがある場合 2枚目と3枚目の境界で正しいピルシートを返す                                                                                                                                 00:02 +31: #activePillSheetWhen 3枚以上のピルシートがある場合 2枚目と3枚目の境界で正しいピルシートを返す                                                                                                                                 00:02 +31: #lastTakenPillSheetOrFirstPillSheet ピルシートが1枚の場合 服用履歴がない場合はそのピルシートを返す                                                                                                                        00:02 +32: #lastTakenPillSheetOrFirstPillSheet ピルシートが1枚の場合 服用履歴がない場合はそのピルシートを返す                                                                                                                        00:02 +32: #lastTakenPillSheetOrFirstPillSheet ピルシートが1枚の場合 服用履歴がある場合はそのピルシートを返す                                                                                                                        00:02 +33: #lastTakenPillSheetOrFirstPillSheet ピルシートが1枚の場合 服用履歴がある場合はそのピルシートを返す                                                                                                                        00:02 +33: #lastTakenPillSheetOrFirstPillSheet ピルシートが複数枚の場合 どのピルシートにも服用履歴がない場合は最初のピルシートを返す                                                                                                             00:02 +34: #lastTakenPillSheetOrFirstPillSheet ピルシートが複数枚の場合 どのピルシートにも服用履歴がない場合は最初のピルシートを返す                                                                                                             00:02 +34: #lastTakenPillSheetOrFirstPillSheet ピルシートが複数枚の場合 1枚目のみに服用履歴がある場合は1枚目を返す                                                                                                                     00:02 +35: #lastTakenPillSheetOrFirstPillSheet ピルシートが複数枚の場合 1枚目のみに服用履歴がある場合は1枚目を返す                                                                                                                     00:02 +35: #lastTakenPillSheetOrFirstPillSheet ピルシートが複数枚の場合 1枚目と2枚目両方に服用履歴がある場合は最後に服用したピルシート（2枚目）を返す                                                                                                   00:02 +36: #lastTakenPillSheetOrFirstPillSheet ピルシートが複数枚の場合 1枚目と2枚目両方に服用履歴がある場合は最後に服用したピルシート（2枚目）を返す                                                                                                   00:02 +36: #lastTakenPillSheetOrFirstPillSheet ピルシートが複数枚の場合 3枚すべてに服用履歴がある場合は最後のピルシート（3枚目）を返す                                                                                                           00:02 +37: #lastTakenPillSheetOrFirstPillSheet ピルシートが複数枚の場合 3枚すべてに服用履歴がある場合は最後のピルシート（3枚目）を返す                                                                                                           00:02 +37: #lastTakenPillSheetOrFirstPillSheet 境界値テスト 1枚目の最終日に服用済みで2枚目に服用履歴がない場合は1枚目を返す                                                                                                                00:02 +38: #lastTakenPillSheetOrFirstPillSheet 境界値テスト 1枚目の最終日に服用済みで2枚目に服用履歴がない場合は1枚目を返す                                                                                                                00:02 +38: #lastTakenPillSheetOrFirstPillSheet 境界値テスト 2枚目の初日のみに服用履歴がある場合は2枚目を返す                                                                                                                        00:02 +39: #lastTakenPillSheetOrFirstPillSheet 境界値テスト 2枚目の初日のみに服用履歴がある場合は2枚目を返す                                                                                                                        00:02 +39: #lastTakenPillSheetOrFirstPillSheet PillSheetTypeによる違い pillsheet_28_0（28錠すべて実薬）で複数枚の場合も正しく動作する                                                                                              00:02 +40: #lastTakenPillSheetOrFirstPillSheet PillSheetTypeによる違い pillsheet_28_0（28錠すべて実薬）で複数枚の場合も正しく動作する                                                                                              00:02 +40: #lastTakenPillSheetOrFirstPillSheet PillSheetTypeによる違い pillsheet_24_rest_4（24錠+休薬4日）で1枚目の休薬期間中でも正しく動作する                                                                                     00:02 +41: #lastTakenPillSheetOrFirstPillSheet PillSheetTypeによる違い pillsheet_24_rest_4（24錠+休薬4日）で1枚目の休薬期間中でも正しく動作する                                                                                     00:02 +41: #lastTakenPillNumberWithoutDate 服用履歴がない場合 lastTakenDateがnullの場合はnullを返す                                                                                                                     00:02 +42: #lastTakenPillNumberWithoutDate 服用履歴がない場合 lastTakenDateがnullの場合はnullを返す                                                                                                                     00:02 +42: #lastTakenPillNumberWithoutDate PillSheetAppearanceModeによる分岐 numberモードの場合 ピルシート内の番号を返す                                                                                                      00:02 +43: #lastTakenPillNumberWithoutDate PillSheetAppearanceModeによる分岐 numberモードの場合 ピルシート内の番号を返す                                                                                                      00:02 +43: #lastTakenPillNumberWithoutDate PillSheetAppearanceModeによる分岐 numberモードの場合 1番目のピルを服用した場合は1を返す（境界値）                                                                                           00:02 +44: #lastTakenPillNumberWithoutDate PillSheetAppearanceModeによる分岐 numberモードの場合 1番目のピルを服用した場合は1を返す（境界値）                                                                                           00:02 +44: #lastTakenPillNumberWithoutDate PillSheetAppearanceModeによる分岐 numberモードの場合 最後のピルを服用した場合はtotalCountを返す（境界値）                                                                                   00:02 +45: #lastTakenPillNumberWithoutDate PillSheetAppearanceModeによる分岐 numberモードの場合 最後のピルを服用した場合はtotalCountを返す（境界値）                                                                                   00:02 +45: #lastTakenPillNumberWithoutDate PillSheetAppearanceModeによる分岐 dateモードの場合 ピルシート内の番号を返す（numberモードと同じ挙動）                                                                                        00:02 +46: #lastTakenPillNumberWithoutDate PillSheetAppearanceModeによる分岐 dateモードの場合 ピルシート内の番号を返す（numberモードと同じ挙動）                                                                                        00:02 +46: #lastTakenPillNumberWithoutDate PillSheetAppearanceModeによる分岐 sequentialモードの場合 連続番号を返す                                                                                                       00:02 +47: #lastTakenPillNumberWithoutDate PillSheetAppearanceModeによる分岐 sequentialモードの場合 連続番号を返す                                                                                                       00:02 +47: #lastTakenPillNumberWithoutDate PillSheetAppearanceModeによる分岐 cyclicSequentialモードの場合 連続番号を返す                                                                                                 00:02 +48: #lastTakenPillNumberWithoutDate PillSheetAppearanceModeによる分岐 cyclicSequentialモードの場合 連続番号を返す                                                                                                 00:02 +48: #lastTakenPillNumberWithoutDate 複数のピルシートがある場合 numberモードの場合 1枚目のみ服用がある場合、1枚目のピルシート内番号を返す                                                                                                     00:02 +49: #lastTakenPillNumberWithoutDate 複数のピルシートがある場合 numberモードの場合 1枚目のみ服用がある場合、1枚目のピルシート内番号を返す                                                                                                     00:02 +49: #lastTakenPillNumberWithoutDate 複数のピルシートがある場合 numberモードの場合 2枚目のみ服用がある場合、2枚目のピルシート内番号を返す                                                                                                     00:02 +50: #lastTakenPillNumberWithoutDate 複数のピルシートがある場合 numberモードの場合 2枚目のみ服用がある場合、2枚目のピルシート内番号を返す                                                                                                     00:02 +50: #lastTakenPillNumberWithoutDate 複数のピルシートがある場合 numberモードの場合 両方に服用がある場合、2枚目（後のピルシート）の番号を返す                                                                                                    00:02 +51: #lastTakenPillNumberWithoutDate 複数のピルシートがある場合 numberモードの場合 両方に服用がある場合、2枚目（後のピルシート）の番号を返す                                                                                                    00:02 +51: #lastTakenPillNumberWithoutDate 複数のピルシートがある場合 numberモードの場合 2枚目の1番目を服用した場合は1を返す（ピルシート境界値）                                                                                                    00:02 +52: #lastTakenPillNumberWithoutDate 複数のピルシートがある場合 numberモードの場合 2枚目の1番目を服用した場合は1を返す（ピルシート境界値）                                                                                                    00:02 +52: #lastTakenPillNumberWithoutDate 複数のピルシートがある場合 numberモードの場合 1枚目の最後を服用し2枚目は未服用の場合、1枚目の最終番号を返す（ピルシート境界値）                                                                                       00:02 +53: #lastTakenPillNumberWithoutDate 複数のピルシートがある場合 numberモードの場合 1枚目の最後を服用し2枚目は未服用の場合、1枚目の最終番号を返す（ピルシート境界値）                                                                                       00:02 +53: #lastTakenPillNumberWithoutDate 複数のピルシートがある場合 cyclicSequentialモードの場合 2枚目で服用した場合、1枚目からの通し番号を返す                                                                                               00:02 +54: #lastTakenPillNumberWithoutDate 複数のピルシートがある場合 cyclicSequentialモードの場合 2枚目で服用した場合、1枚目からの通し番号を返す                                                                                               00:02 +54: #lastTakenPillNumberWithoutDate 複数のピルシートがある場合 cyclicSequentialモードの場合 2枚目の1番目を服用した場合、1枚目のtotalCount+1を返す（ピルシート境界値）                                                                           00:02 +55: #lastTakenPillNumberWithoutDate 複数のピルシートがある場合 cyclicSequentialモードの場合 2枚目の1番目を服用した場合、1枚目のtotalCount+1を返す（ピルシート境界値）                                                                           00:02 +55: #lastTakenPillNumberWithoutDate 複数のピルシートがある場合 cyclicSequentialモードの場合 1枚目の最後を服用し2枚目は未服用の場合、1枚目のtotalCountを返す（ピルシート境界値）                                                                       00:02 +56: #lastTakenPillNumberWithoutDate 複数のピルシートがある場合 cyclicSequentialモードの場合 1枚目の最後を服用し2枚目は未服用の場合、1枚目のtotalCountを返す（ピルシート境界値）                                                                       00:02 +56: #lastTakenPillNumberWithoutDate displayNumberSettingがある場合 cyclicSequentialモードの場合 beginPillNumberが設定されている場合、開始番号がbeginPillNumberになる                                                          00:02 +57: #lastTakenPillNumberWithoutDate displayNumberSettingがある場合 cyclicSequentialモードの場合 beginPillNumberが設定されている場合、開始番号がbeginPillNumberになる                                                          00:02 +57: #lastTakenPillNumberWithoutDate displayNumberSettingがある場合 cyclicSequentialモードの場合 endPillNumberが設定されていて超過した場合、1から始まる                                                                         00:02 +58: #lastTakenPillNumberWithoutDate displayNumberSettingがある場合 cyclicSequentialモードの場合 endPillNumberが設定されていて超過した場合、1から始まる                                                                         00:02 +58: #lastTakenPillNumberWithoutDate 服用お休み期間がある場合 cyclicSequentialモードの場合 服用お休み期間終了後は1から番号が始まる                                                                                                    00:02 +59: #lastTakenPillNumberWithoutDate 服用お休み期間がある場合 cyclicSequentialモードの場合 服用お休み期間終了後は1から番号が始まる                                                                                                    00:02 +59: #lastTakenPillNumberWithoutDate 3枚のピルシートがある場合 3枚目で服用した場合、通し番号を返す（cyclicSequentialモード）                                                                                                       00:02 +60: #lastTakenPillNumberWithoutDate 3枚のピルシートがある場合 3枚目で服用した場合、通し番号を返す（cyclicSequentialモード）                                                                                                       00:02 +60: #lastTakenPillNumberWithoutDate 3枚のピルシートがある場合 2枚目の終了と3枚目の開始の境界値チェック（cyclicSequentialモード）                                                                                                    00:02 +61: #lastTakenPillNumberWithoutDate 3枚のピルシートがある場合 2枚目の終了と3枚目の開始の境界値チェック（cyclicSequentialモード）                                                                                                    00:02 +61: #lastTakenPillNumberWithoutDate 3枚のピルシートがある場合 2枚目の最後を服用し3枚目は未服用の場合（ピルシート境界値）                                                                                                                00:02 +62: #lastTakenPillNumberWithoutDate 3枚のピルシートがある場合 2枚目の最後を服用し3枚目は未服用の場合（ピルシート境界値）                                                                                                                00:02 +62: #sequentialLastTakenPillNumber activePillSheetがnullの場合（過去のピルシートグループ参照時など） 今日がピルシート期間外の場合は0を返す                                                                                               00:02 +63: #sequentialLastTakenPillNumber activePillSheetがnullの場合（過去のピルシートグループ参照時など） 今日がピルシート期間外の場合は0を返す                                                                                               00:02 +63: #sequentialLastTakenPillNumber lastTakenDateがnullの場合（まだ服用していない） 服用履歴がない場合は0を返す                                                                                                              00:02 +64: #sequentialLastTakenPillNumber lastTakenDateがnullの場合（まだ服用していない） 服用履歴がない場合は0を返す                                                                                                              00:02 +64: #sequentialLastTakenPillNumber PillSheetAppearanceModeによる分岐 numberモードの場合 lastTakenDateがあっても0を返す（連続番号表示モードではないため）                                                                            00:02 +65: #sequentialLastTakenPillNumber PillSheetAppearanceModeによる分岐 numberモードの場合 lastTakenDateがあっても0を返す（連続番号表示モードではないため）                                                                            00:02 +65: #sequentialLastTakenPillNumber PillSheetAppearanceModeによる分岐 dateモードの場合 lastTakenDateがあっても0を返す（連続番号表示モードではないため）                                                                              00:02 +66: #sequentialLastTakenPillNumber PillSheetAppearanceModeによる分岐 dateモードの場合 lastTakenDateがあっても0を返す（連続番号表示モードではないため）                                                                              00:02 +66: #sequentialLastTakenPillNumber PillSheetAppearanceModeによる分岐 sequentialモードの場合 today()に対応する連続番号を返す                                                                                            00:02 +67: #sequentialLastTakenPillNumber PillSheetAppearanceModeによる分岐 sequentialモードの場合 today()に対応する連続番号を返す                                                                                            00:02 +67: #sequentialLastTakenPillNumber PillSheetAppearanceModeによる分岐 cyclicSequentialモードの場合 lastTakenDateに対応する連続番号を返す                                                                                00:02 +68: #sequentialLastTakenPillNumber PillSheetAppearanceModeによる分岐 cyclicSequentialモードの場合 lastTakenDateに対応する連続番号を返す                                                                                00:02 +68: #sequentialLastTakenPillNumber PillSheetAppearanceModeによる分岐 cyclicSequentialモードの場合 1番目のピル（境界値）を服用した場合は1を返す                                                                                  00:02 +69: #sequentialLastTakenPillNumber PillSheetAppearanceModeによる分岐 cyclicSequentialモードの場合 1番目のピル（境界値）を服用した場合は1を返す                                                                                  00:02 +69: #sequentialLastTakenPillNumber PillSheetAppearanceModeによる分岐 cyclicSequentialモードの場合 最後のピル（境界値）を服用した場合はtotalCountを返す                                                                          00:02 +70: #sequentialLastTakenPillNumber PillSheetAppearanceModeによる分岐 cyclicSequentialモードの場合 最後のピル（境界値）を服用した場合はtotalCountを返す                                                                          00:02 +70: #sequentialLastTakenPillNumber 複数のピルシートがある場合 2枚目のピルシートで服用した場合、1枚目からの通し番号を返す                                                                                                                 00:02 +71: #sequentialLastTakenPillNumber 複数のピルシートがある場合 2枚目のピルシートで服用した場合、1枚目からの通し番号を返す                                                                                                                 00:02 +71: #sequentialLastTakenPillNumber 複数のピルシートがある場合 2枚目の最初のピル（境界値）を服用した場合、29番を返す                                                                                                                   00:02 +72: #sequentialLastTakenPillNumber 複数のピルシートがある場合 2枚目の最初のピル（境界値）を服用した場合、29番を返す                                                                                                                   00:02 +72: #sequentialLastTakenPillNumber 複数のピルシートがある場合 3枚目のピルシートで服用した場合の通し番号を返す                                                                                                                       00:02 +73: #sequentialLastTakenPillNumber 複数のピルシートがある場合 3枚目のピルシートで服用した場合の通し番号を返す                                                                                                                       00:02 +73: #sequentialLastTakenPillNumber RestDurationがある場合 服用お休み期間があっても、lastTakenDateに対応する連続番号を正しく返す                                                                                                  00:02 +74: #sequentialLastTakenPillNumber RestDurationがある場合 服用お休み期間があっても、lastTakenDateに対応する連続番号を正しく返す                                                                                                  00:02 +74: #sequentialLastTakenPillNumber RestDurationがある場合 服用お休み終了日に服用した場合は1を返す                                                                                                                       00:02 +75: #sequentialLastTakenPillNumber RestDurationがある場合 服用お休み終了日に服用した場合は1を返す                                                                                                                       00:02 +75: #sequentialLastTakenPillNumber RestDurationがある場合 服用お休み期間中（endDateがnull）でも、lastTakenDateに対応する番号を返す                                                                                           00:02 +76: #sequentialLastTakenPillNumber RestDurationがある場合 服用お休み期間中（endDateがnull）でも、lastTakenDateに対応する番号を返す                                                                                           00:02 +76: #sequentialLastTakenPillNumber displayNumberSettingがある場合 beginPillNumberが設定されている場合、開始番号からカウントする                                                                                             00:02 +77: #sequentialLastTakenPillNumber displayNumberSettingがある場合 beginPillNumberが設定されている場合、開始番号からカウントする                                                                                             00:02 +77: #sequentialLastTakenPillNumber displayNumberSettingがある場合 endPillNumberを超えた場合、1に戻る                                                                                                           00:02 +78: #sequentialLastTakenPillNumber displayNumberSettingがある場合 endPillNumberを超えた場合、1に戻る                                                                                                           00:02 +78: #sequentialLastTakenPillNumber displayNumberSettingがある場合 endPillNumberちょうどの場合、その番号を返す（境界値）                                                                                                  00:02 +79: #sequentialLastTakenPillNumber displayNumberSettingがある場合 endPillNumberちょうどの場合、その番号を返す（境界値）                                                                                                  00:02 +79: #menstruationDateRanges has one pill sheet setting.pillNumberForFromMenstruation or setting.durationMenstruation is not setting                                                             00:02 +80: #menstruationDateRanges has one pill sheet setting.pillNumberForFromMenstruation or setting.durationMenstruation is not setting                                                             00:02 +80: #menstruationDateRanges has one pill sheet setting values in the range of pill sheet                                                                                                        00:02 +81: #menstruationDateRanges has one pill sheet setting values in the range of pill sheet                                                                                                        00:02 +81: #menstruationDateRanges has one pill sheet setting values out the range of pill sheet                                                                                                       00:02 +82: #menstruationDateRanges has one pill sheet setting values out the range of pill sheet                                                                                                       00:02 +82: #menstruationDateRanges has one pill sheet setting values two appears in the range of pill sheet                                                                                            00:02 +83: #menstruationDateRanges has one pill sheet setting values two appears in the range of pill sheet                                                                                            00:02 +83: #menstruationDateRanges has three pill sheet setting.pillNumberForFromMenstruation or setting.durationMenstruation is not setting                                                           00:02 +84: #menstruationDateRanges has three pill sheet setting.pillNumberForFromMenstruation or setting.durationMenstruation is not setting                                                           00:02 +84: #menstruationDateRanges has three pill sheet setting values in the range of pill sheet                                                                                                      00:02 +85: #menstruationDateRanges has three pill sheet setting values in the range of pill sheet                                                                                                      00:02 +85: #menstruationDateRanges has three pill sheet setting values in the range of pill sheet and with not ended rest durations                                                                    00:02 +86: #menstruationDateRanges has three pill sheet setting values in the range of pill sheet and with not ended rest durations                                                                    00:02 +86: #menstruationDateRanges has three pill sheet setting values in the range of pill sheet and with ended rest durations                                                                        00:02 +87: #menstruationDateRanges has three pill sheet setting values in the range of pill sheet and with ended rest durations                                                                        00:02 +87: #menstruationDateRanges has three pill sheet setting values out the range of pill sheet group                                                                                               00:02 +88: #menstruationDateRanges has three pill sheet setting values out the range of pill sheet group                                                                                               00:02 +88: #menstruationDateRanges has three pill sheet setting values out of the range for each pill sheet                                                                                            00:02 +89: #menstruationDateRanges has three pill sheet setting values out of the range for each pill sheet                                                                                            00:02 +89: #menstruationDateRanges has three pill sheet setting values two appears in the range of pill sheet                                                                                          00:02 +90: #menstruationDateRanges has three pill sheet setting values two appears in the range of pill sheet                                                                                          00:02 +90: #pillNumbersForCyclicSequential ピルシートが1つの場合 服薬お休み期間がない場合                                                                                                                                    00:02 +91: #pillNumbersForCyclicSequential ピルシートが1つの場合 服薬お休み期間がない場合                                                                                                                                    00:02 +91: #pillNumbersForCyclicSequential ピルシートが1つの場合 服薬お休み期間がある場合                                                                                                                                    00:02 +92: #pillNumbersForCyclicSequential ピルシートが1つの場合 服薬お休み期間がある場合                                                                                                                                    00:02 +92: #pillNumbersForCyclicSequential ピルシートが1つの場合 服薬お休み期間がある。ただし、終了はしていない                                                                                                                         00:02 +93: #pillNumbersForCyclicSequential ピルシートが1つの場合 服薬お休み期間がある。ただし、終了はしていない                                                                                                                         00:02 +93: #pillNumbersForCyclicSequential ピルシートが1つの場合 服薬お休み期間がある場合。かつ、服用日数を開始番号を変更している場合                                                                                                              00:02 +94: #pillNumbersForCyclicSequential ピルシートが1つの場合 服薬お休み期間がある場合。かつ、服用日数を開始番号を変更している場合                                                                                                              00:02 +94: #pillNumbersForCyclicSequential ピルシートが1つの場合 服薬お休み期間がある場合。かつ、服用日数を開始番号と終了番号を変更している場合                                                                                                         00:02 +95: #pillNumbersForCyclicSequential ピルシートが1つの場合 服薬お休み期間がある場合。かつ、服用日数を開始番号と終了番号を変更している場合                                                                                                         00:02 +95: #pillNumbersForCyclicSequential ピルシートが2つの場合 服薬お休み期間がない場合                                                                                                                                    00:02 +96: #pillNumbersForCyclicSequential ピルシートが2つの場合 服薬お休み期間がない場合                                                                                                                                    00:02 +96: #pillNumbersForCyclicSequential ピルシートが2つの場合 服薬お休み期間がある場合（1枚目で休薬）                                                                                                                            00:02 +97: #pillNumbersForCyclicSequential ピルシートが2つの場合 服薬お休み期間がある場合（1枚目で休薬）                                                                                                                            00:02 +97: #pillNumbersForCyclicSequential ピルシートが2つの場合 服薬お休み期間がある。ただし、終了はしていない                                                                                                                         00:02 +98: #pillNumbersForCyclicSequential ピルシートが2つの場合 服薬お休み期間がある。ただし、終了はしていない                                                                                                                         00:02 +98: #pillNumbersForCyclicSequential ピルシートが2つの場合 displayNumberSettingでendPillNumberが設定されている場合                                                                                                    00:02 +99: #pillNumbersForCyclicSequential ピルシートが2つの場合 displayNumberSettingでendPillNumberが設定されている場合                                                                                                    00:02 +99: #pillNumbersForCyclicSequential ピルシートが3つの場合 服薬お休み期間がない場合                                                                                                                                    00:02 +100: #pillNumbersForCyclicSequential ピルシートが3つの場合 服薬お休み期間がない場合                                                                                                                                   00:02 +100: #pillNumbersForCyclicSequential ピルシートが3つの場合 2枚目で服薬お休み期間がある場合                                                                                                                               00:02 +101: #pillNumbersForCyclicSequential ピルシートが3つの場合 2枚目で服薬お休み期間がある場合                                                                                                                               00:02 +101: #pillNumbersForCyclicSequential シート間の境界値テスト 1枚目の最後と2枚目の最初の番号が連続している                                                                                                                        00:02 +102: #pillNumbersForCyclicSequential シート間の境界値テスト 1枚目の最後と2枚目の最初の番号が連続している                                                                                                                        00:02 +102: #pillNumbersForCyclicSequential シート間の境界値テスト 2枚目の最後と3枚目の最初の番号が連続している                                                                                                                        00:02 +103: #pillNumbersForCyclicSequential シート間の境界値テスト 2枚目の最後と3枚目の最初の番号が連続している                                                                                                                        00:02 +103: #pillNumbersForCyclicSequential シート間の境界値テスト 境界でendPillNumberによるリセットが起こる場合                                                                                                                  00:02 +104: #pillNumbersForCyclicSequential シート間の境界値テスト 境界でendPillNumberによるリセットが起こる場合                                                                                                                  00:02 +104: #pillNumbersForCyclicSequential 異なるPillSheetTypeの組み合わせ 21錠タイプと28錠タイプの組み合わせ                                                                                                                 00:02 +105: #pillNumbersForCyclicSequential 異なるPillSheetTypeの組み合わせ 21錠タイプと28錠タイプの組み合わせ                                                                                                                 00:02 +105: #isDeactived アクティブなピルシートがある場合 deletedAtがnullの場合はfalseを返す                                                                                                                                   00:02 +106: #isDeactived アクティブなピルシートがある場合 deletedAtがnullの場合はfalseを返す                                                                                                                                   00:02 +106: #isDeactived アクティブなピルシートがある場合 deletedAtが設定されている場合はtrueを返す                                                                                                                                  00:02 +107: #isDeactived アクティブなピルシートがある場合 deletedAtが設定されている場合はtrueを返す                                                                                                                                  00:02 +107: #isDeactived アクティブなピルシートがない場合 今日がピルシート開始日前日の場合はtrueを返す（境界値）                                                                                                                                00:02 +108: #isDeactived アクティブなピルシートがない場合 今日がピルシート開始日前日の場合はtrueを返す（境界値）                                                                                                                                00:02 +108: #isDeactived アクティブなピルシートがない場合 今日がピルシート終了日翌日の場合はtrueを返す（境界値）                                                                                                                                00:02 +109: #isDeactived アクティブなピルシートがない場合 今日がピルシート終了日翌日の場合はtrueを返す（境界値）                                                                                                                                00:02 +109: #isDeactived アクティブなピルシートがない場合 deletedAtも設定されている場合はtrueを返す（両条件）                                                                                                                             00:02 +110: #isDeactived アクティブなピルシートがない場合 deletedAtも設定されている場合はtrueを返す（両条件）                                                                                                                             00:02 +110: #isDeactived 境界値テスト 今日がピルシート開始日の場合はfalseを返す                                                                                                                                                00:02 +111: #isDeactived 境界値テスト 今日がピルシート開始日の場合はfalseを返す                                                                                                                                                00:02 +111: #isDeactived 境界値テスト 今日がピルシート終了日の場合はfalseを返す                                                                                                                                                00:02 +112: #isDeactived 境界値テスト 今日がピルシート終了日の場合はfalseを返す                                                                                                                                                00:02 +112: #isDeactived ピルシートが複数ある場合 2枚目がアクティブな期間でdeletedAtがnullの場合はfalseを返す                                                                                                                          00:02 +113: #isDeactived ピルシートが複数ある場合 2枚目がアクティブな期間でdeletedAtがnullの場合はfalseを返す                                                                                                                          00:02 +113: #isDeactived ピルシートが複数ある場合 全ピルシートの期間外の場合はtrueを返す                                                                                                                                            00:02 +114: #isDeactived ピルシートが複数ある場合 全ピルシートの期間外の場合はtrueを返す                                                                                                                                            00:02 +114: #isDeactived ピルシートが複数ある場合 1枚目と2枚目の境界日（1枚目終了日）でdeletedAtがnullの場合はfalseを返す                                                                                                                   00:02 +115: #isDeactived ピルシートが複数ある場合 1枚目と2枚目の境界日（1枚目終了日）でdeletedAtがnullの場合はfalseを返す                                                                                                                   00:02 +115: #isDeactived ピルシートが複数ある場合 1枚目と2枚目の境界日（2枚目開始日）でdeletedAtがnullの場合はfalseを返す                                                                                                                   00:02 +116: #isDeactived ピルシートが複数ある場合 1枚目と2枚目の境界日（2枚目開始日）でdeletedAtがnullの場合はfalseを返す                                                                                                                   00:02 +116: #isDeactived 服用お休み期間がある場合 服用お休みにより終了日がずれた場合でもアクティブならfalseを返す                                                                                                                               00:02 +117: #isDeactived 服用お休み期間がある場合 服用お休みにより終了日がずれた場合でもアクティブならfalseを返す                                                                                                                               00:02 +117: #isDeactived 服用お休み期間がある場合 服用お休みにより終了日がずれた終了日の翌日はtrueを返す                                                                                                                                    00:02 +118: #isDeactived 服用お休み期間がある場合 服用お休みにより終了日がずれた終了日の翌日はtrueを返す                                                                                                                                    00:02 +118: #sequentialTodayPillNumber PillSheetAppearanceModeがnumberまたはdateの場合 numberモードの場合は0を返す                                                                                                      00:02 +119: #sequentialTodayPillNumber PillSheetAppearanceModeがnumberまたはdateの場合 numberモードの場合は0を返す                                                                                                      00:02 +119: #sequentialTodayPillNumber PillSheetAppearanceModeがnumberまたはdateの場合 dateモードの場合は0を返す                                                                                                        00:02 +120: #sequentialTodayPillNumber PillSheetAppearanceModeがnumberまたはdateの場合 dateモードの場合は0を返す                                                                                                        00:02 +120: #sequentialTodayPillNumber PillSheetAppearanceModeがsequentialまたはcyclicSequentialの場合 sequentialモード ピルシートが1つの場合 今日がピルシート期間内の場合は対応する番号を返す                                                     00:02 +121: #sequentialTodayPillNumber PillSheetAppearanceModeがsequentialまたはcyclicSequentialの場合 sequentialモード ピルシートが1つの場合 今日がピルシート期間内の場合は対応する番号を返す                                                     00:02 +121: #sequentialTodayPillNumber PillSheetAppearanceModeがsequentialまたはcyclicSequentialの場合 sequentialモード ピルシートが1つの場合 今日がピルシート開始日（1日目）の場合は1を返す（境界値）                                                00:02 +122: #sequentialTodayPillNumber PillSheetAppearanceModeがsequentialまたはcyclicSequentialの場合 sequentialモード ピルシートが1つの場合 今日がピルシート開始日（1日目）の場合は1を返す（境界値）                                                00:02 +122: #sequentialTodayPillNumber PillSheetAppearanceModeがsequentialまたはcyclicSequentialの場合 sequentialモード ピルシートが1つの場合 今日がピルシート終了日の場合は最終番号を返す（境界値）                                                  00:02 +123: #sequentialTodayPillNumber PillSheetAppearanceModeがsequentialまたはcyclicSequentialの場合 sequentialモード ピルシートが1つの場合 今日がピルシート終了日の場合は最終番号を返す（境界値）                                                  00:02 +123: #sequentialTodayPillNumber PillSheetAppearanceModeがsequentialまたはcyclicSequentialの場合 sequentialモード ピルシートが1つの場合 今日がピルシート期間外（開始日前）の場合は0を返す                                                    00:02 +124: #sequentialTodayPillNumber PillSheetAppearanceModeがsequentialまたはcyclicSequentialの場合 sequentialモード ピルシートが1つの場合 今日がピルシート期間外（開始日前）の場合は0を返す                                                    00:02 +124: #sequentialTodayPillNumber PillSheetAppearanceModeがsequentialまたはcyclicSequentialの場合 sequentialモード ピルシートが1つの場合 今日がピルシート期間外（終了日翌日）の場合は0を返す                                                   00:02 +125: #sequentialTodayPillNumber PillSheetAppearanceModeがsequentialまたはcyclicSequentialの場合 sequentialモード ピルシートが1つの場合 今日がピルシート期間外（終了日翌日）の場合は0を返す                                                   00:02 +125: #sequentialTodayPillNumber PillSheetAppearanceModeがsequentialまたはcyclicSequentialの場合 sequentialモード ピルシートが複数ある場合 1枚目の最終日の場合は1枚目の最終番号を返す（境界値）                                                 00:02 +126: #sequentialTodayPillNumber PillSheetAppearanceModeがsequentialまたはcyclicSequentialの場合 sequentialモード ピルシートが複数ある場合 1枚目の最終日の場合は1枚目の最終番号を返す（境界値）                                                 00:02 +126: #sequentialTodayPillNumber PillSheetAppearanceModeがsequentialまたはcyclicSequentialの場合 sequentialモード ピルシートが複数ある場合 2枚目の開始日の場合は29を返す（境界値）                                                       00:02 +127: #sequentialTodayPillNumber PillSheetAppearanceModeがsequentialまたはcyclicSequentialの場合 sequentialモード ピルシートが複数ある場合 2枚目の開始日の場合は29を返す（境界値）                                                       00:02 +127: #sequentialTodayPillNumber PillSheetAppearanceModeがsequentialまたはcyclicSequentialの場合 sequentialモード ピルシートが複数ある場合 2枚目の最終日の場合は56を返す（境界値）                                                       00:02 +128: #sequentialTodayPillNumber PillSheetAppearanceModeがsequentialまたはcyclicSequentialの場合 sequentialモード ピルシートが複数ある場合 2枚目の最終日の場合は56を返す（境界値）                                                       00:02 +128: #sequentialTodayPillNumber PillSheetAppearanceModeがsequentialまたはcyclicSequentialの場合 sequentialモード ピルシートが複数ある場合 3枚目の開始日の場合は57を返す（境界値）                                                       00:02 +129: #sequentialTodayPillNumber PillSheetAppearanceModeがsequentialまたはcyclicSequentialの場合 sequentialモード ピルシートが複数ある場合 3枚目の開始日の場合は57を返す（境界値）                                                       00:02 +129: #sequentialTodayPillNumber PillSheetAppearanceModeがsequentialまたはcyclicSequentialの場合 sequentialモード DisplayNumberSettingがある場合 beginPillNumberが設定されている場合、開始番号から始まる                            00:02 +130: #sequentialTodayPillNumber PillSheetAppearanceModeがsequentialまたはcyclicSequentialの場合 sequentialモード DisplayNumberSettingがある場合 beginPillNumberが設定されている場合、開始番号から始まる                            00:02 +130: #sequentialTodayPillNumber PillSheetAppearanceModeがsequentialまたはcyclicSequentialの場合 sequentialモード DisplayNumberSettingがある場合 beginPillNumberが設定されている場合、14日目は23番（10 + 13）                    00:02 +131: #sequentialTodayPillNumber PillSheetAppearanceModeがsequentialまたはcyclicSequentialの場合 sequentialモード DisplayNumberSettingがある場合 beginPillNumberが設定されている場合、14日目は23番（10 + 13）                    00:02 +131: #sequentialTodayPillNumber PillSheetAppearanceModeがsequentialまたはcyclicSequentialの場合 sequentialモード DisplayNumberSettingがある場合 endPillNumberが設定されていて超過した場合、1にリセットされる                          00:02 +132: #sequentialTodayPillNumber PillSheetAppearanceModeがsequentialまたはcyclicSequentialの場合 sequentialモード DisplayNumberSettingがある場合 endPillNumberが設定されていて超過した場合、1にリセットされる                          00:02 +132: #sequentialTodayPillNumber PillSheetAppearanceModeがsequentialまたはcyclicSequentialの場合 sequentialモード DisplayNumberSettingがある場合 endPillNumberちょうどの日は終了番号を返す（境界値）                               00:02 +133: #sequentialTodayPillNumber PillSheetAppearanceModeがsequentialまたはcyclicSequentialの場合 sequentialモード DisplayNumberSettingがある場合 endPillNumberちょうどの日は終了番号を返す（境界値）                               00:02 +133: #sequentialTodayPillNumber PillSheetAppearanceModeがsequentialまたはcyclicSequentialの場合 sequentialモード RestDurationがある場合 服用お休み期間中（継続中）は休薬開始日の番号を返す                                              00:02 +134: #sequentialTodayPillNumber PillSheetAppearanceModeがsequentialまたはcyclicSequentialの場合 sequentialモード RestDurationがある場合 服用お休み期間中（継続中）は休薬開始日の番号を返す                                              00:02 +134: #sequentialTodayPillNumber PillSheetAppearanceModeがsequentialまたはcyclicSequentialの場合 sequentialモード RestDurationがある場合 服用お休み終了日の翌日は1にリセットされる                                                  00:02 +135: #sequentialTodayPillNumber PillSheetAppearanceModeがsequentialまたはcyclicSequentialの場合 sequentialモード RestDurationがある場合 服用お休み終了日の翌日は1にリセットされる                                                  00:02 +135: #sequentialTodayPillNumber PillSheetAppearanceModeがsequentialまたはcyclicSequentialの場合 sequentialモード RestDurationがある場合 服用お休み終了後の日は1から順にカウントアップ                                                00:02 +136: #sequentialTodayPillNumber PillSheetAppearanceModeがsequentialまたはcyclicSequentialの場合 sequentialモード RestDurationがある場合 服用お休み終了後の日は1から順にカウントアップ                                                00:02 +136: #sequentialTodayPillNumber PillSheetAppearanceModeがsequentialまたはcyclicSequentialの場合 sequentialモード RestDurationがある場合 服用お休みにより日付がずれた場合も正しく期間外判定される                                           00:02 +137: #sequentialTodayPillNumber PillSheetAppearanceModeがsequentialまたはcyclicSequentialの場合 sequentialモード RestDurationがある場合 服用お休みにより日付がずれた場合も正しく期間外判定される                                           00:02 +137: #sequentialTodayPillNumber PillSheetAppearanceModeがsequentialまたはcyclicSequentialの場合 cyclicSequentialモード ピルシートが1つの場合 今日がピルシート期間内の場合は対応する番号を返す                                               00:02 +138: #sequentialTodayPillNumber PillSheetAppearanceModeがsequentialまたはcyclicSequentialの場合 cyclicSequentialモード ピルシートが1つの場合 今日がピルシート期間内の場合は対応する番号を返す                                               00:02 +138: #sequentialTodayPillNumber PillSheetAppearanceModeがsequentialまたはcyclicSequentialの場合 cyclicSequentialモード ピルシートが1つの場合 今日がピルシート開始日（1日目）の場合は1を返す（境界値）                                          00:02 +139: #sequentialTodayPillNumber PillSheetAppearanceModeがsequentialまたはcyclicSequentialの場合 cyclicSequentialモード ピルシートが1つの場合 今日がピルシート開始日（1日目）の場合は1を返す（境界値）                                          00:02 +139: #sequentialTodayPillNumber PillSheetAppearanceModeがsequentialまたはcyclicSequentialの場合 cyclicSequentialモード ピルシートが1つの場合 今日がピルシート終了日の場合は最終番号を返す（境界値）                                            00:02 +140: #sequentialTodayPillNumber PillSheetAppearanceModeがsequentialまたはcyclicSequentialの場合 cyclicSequentialモード ピルシートが1つの場合 今日がピルシート終了日の場合は最終番号を返す（境界値）                                            00:02 +140: #sequentialTodayPillNumber PillSheetAppearanceModeがsequentialまたはcyclicSequentialの場合 cyclicSequentialモード ピルシートが1つの場合 今日がピルシート期間外（開始日前）の場合は0を返す                                              00:02 +141: #sequentialTodayPillNumber PillSheetAppearanceModeがsequentialまたはcyclicSequentialの場合 cyclicSequentialモード ピルシートが1つの場合 今日がピルシート期間外（開始日前）の場合は0を返す                                              00:02 +141: #sequentialTodayPillNumber PillSheetAppearanceModeがsequentialまたはcyclicSequentialの場合 cyclicSequentialモード ピルシートが1つの場合 今日がピルシート期間外（終了日翌日）の場合は0を返す                                             00:02 +142: #sequentialTodayPillNumber PillSheetAppearanceModeがsequentialまたはcyclicSequentialの場合 cyclicSequentialモード ピルシートが1つの場合 今日がピルシート期間外（終了日翌日）の場合は0を返す                                             00:02 +142: #sequentialTodayPillNumber PillSheetAppearanceModeがsequentialまたはcyclicSequentialの場合 cyclicSequentialモード ピルシートが複数ある場合 1枚目の最終日の場合は1枚目の最終番号を返す（境界値）                                           00:02 +143: #sequentialTodayPillNumber PillSheetAppearanceModeがsequentialまたはcyclicSequentialの場合 cyclicSequentialモード ピルシートが複数ある場合 1枚目の最終日の場合は1枚目の最終番号を返す（境界値）                                           00:02 +143: #sequentialTodayPillNumber PillSheetAppearanceModeがsequentialまたはcyclicSequentialの場合 cyclicSequentialモード ピルシートが複数ある場合 2枚目の開始日の場合は29を返す（境界値）                                                 00:02 +144: #sequentialTodayPillNumber PillSheetAppearanceModeがsequentialまたはcyclicSequentialの場合 cyclicSequentialモード ピルシートが複数ある場合 2枚目の開始日の場合は29を返す（境界値）                                                 00:02 +144: #sequentialTodayPillNumber PillSheetAppearanceModeがsequentialまたはcyclicSequentialの場合 cyclicSequentialモード ピルシートが複数ある場合 2枚目の最終日の場合は56を返す（境界値）                                                 00:02 +145: #sequentialTodayPillNumber PillSheetAppearanceModeがsequentialまたはcyclicSequentialの場合 cyclicSequentialモード ピルシートが複数ある場合 2枚目の最終日の場合は56を返す（境界値）                                                 00:02 +145: #sequentialTodayPillNumber PillSheetAppearanceModeがsequentialまたはcyclicSequentialの場合 cyclicSequentialモード ピルシートが複数ある場合 3枚目の開始日の場合は57を返す（境界値）                                                 00:02 +146: #sequentialTodayPillNumber PillSheetAppearanceModeがsequentialまたはcyclicSequentialの場合 cyclicSequentialモード ピルシートが複数ある場合 3枚目の開始日の場合は57を返す（境界値）                                                 00:02 +146: #sequentialTodayPillNumber PillSheetAppearanceModeがsequentialまたはcyclicSequentialの場合 cyclicSequentialモード DisplayNumberSettingがある場合 beginPillNumberが設定されている場合、開始番号から始まる                      00:02 +147: #sequentialTodayPillNumber PillSheetAppearanceModeがsequentialまたはcyclicSequentialの場合 cyclicSequentialモード DisplayNumberSettingがある場合 beginPillNumberが設定されている場合、開始番号から始まる                      00:02 +147: #sequentialTodayPillNumber PillSheetAppearanceModeがsequentialまたはcyclicSequentialの場合 cyclicSequentialモード DisplayNumberSettingがある場合 beginPillNumberが設定されている場合、14日目は23番（10 + 13）              00:02 +148: #sequentialTodayPillNumber PillSheetAppearanceModeがsequentialまたはcyclicSequentialの場合 cyclicSequentialモード DisplayNumberSettingがある場合 beginPillNumberが設定されている場合、14日目は23番（10 + 13）              00:02 +148: #sequentialTodayPillNumber PillSheetAppearanceModeがsequentialまたはcyclicSequentialの場合 cyclicSequentialモード DisplayNumberSettingがある場合 endPillNumberが設定されていて超過した場合、1にリセットされる                    00:02 +149: #sequentialTodayPillNumber PillSheetAppearanceModeがsequentialまたはcyclicSequentialの場合 cyclicSequentialモード DisplayNumberSettingがある場合 endPillNumberが設定されていて超過した場合、1にリセットされる                    00:02 +149: #sequentialTodayPillNumber PillSheetAppearanceModeがsequentialまたはcyclicSequentialの場合 cyclicSequentialモード DisplayNumberSettingがある場合 endPillNumberちょうどの日は終了番号を返す（境界値）                         00:02 +150: #sequentialTodayPillNumber PillSheetAppearanceModeがsequentialまたはcyclicSequentialの場合 cyclicSequentialモード DisplayNumberSettingがある場合 endPillNumberちょうどの日は終了番号を返す（境界値）                         00:02 +150: #sequentialTodayPillNumber PillSheetAppearanceModeがsequentialまたはcyclicSequentialの場合 cyclicSequentialモード RestDurationがある場合 服用お休み期間中（継続中）は休薬開始日の番号を返す                                        00:02 +151: #sequentialTodayPillNumber PillSheetAppearanceModeがsequentialまたはcyclicSequentialの場合 cyclicSequentialモード RestDurationがある場合 服用お休み期間中（継続中）は休薬開始日の番号を返す                                        00:02 +151: #sequentialTodayPillNumber PillSheetAppearanceModeがsequentialまたはcyclicSequentialの場合 cyclicSequentialモード RestDurationがある場合 服用お休み終了日の翌日は1にリセットされる                                            00:02 +152: #sequentialTodayPillNumber PillSheetAppearanceModeがsequentialまたはcyclicSequentialの場合 cyclicSequentialモード RestDurationがある場合 服用お休み終了日の翌日は1にリセットされる                                            00:02 +152: #sequentialTodayPillNumber PillSheetAppearanceModeがsequentialまたはcyclicSequentialの場合 cyclicSequentialモード RestDurationがある場合 服用お休み終了後の日は1から順にカウントアップ                                          00:02 +153: #sequentialTodayPillNumber PillSheetAppearanceModeがsequentialまたはcyclicSequentialの場合 cyclicSequentialモード RestDurationがある場合 服用お休み終了後の日は1から順にカウントアップ                                          00:02 +153: #sequentialTodayPillNumber PillSheetAppearanceModeがsequentialまたはcyclicSequentialの場合 cyclicSequentialモード RestDurationがある場合 服用お休みにより日付がずれた場合も正しく期間外判定される                                     00:02 +154: #sequentialTodayPillNumber PillSheetAppearanceModeがsequentialまたはcyclicSequentialの場合 cyclicSequentialモード RestDurationがある場合 服用お休みにより日付がずれた場合も正しく期間外判定される                                     00:02 +154: #sequentialEstimatedEndPillNumber PillSheetAppearanceModeによる分岐 numberモードの場合 0を返す                                                                                                           00:02 +155: #sequentialEstimatedEndPillNumber PillSheetAppearanceModeによる分岐 numberモードの場合 0を返す                                                                                                           00:02 +155: #sequentialEstimatedEndPillNumber PillSheetAppearanceModeによる分岐 dateモードの場合 0を返す                                                                                                             00:02 +156: #sequentialEstimatedEndPillNumber PillSheetAppearanceModeによる分岐 dateモードの場合 0を返す                                                                                                             00:02 +156: #sequentialEstimatedEndPillNumber PillSheetAppearanceModeによる分岐 sequentialモードの場合 グループ全体の最後のピル番号を返す                                                                                          00:02 +157: #sequentialEstimatedEndPillNumber PillSheetAppearanceModeによる分岐 sequentialモードの場合 グループ全体の最後のピル番号を返す                                                                                          00:02 +157: #sequentialEstimatedEndPillNumber PillSheetAppearanceModeによる分岐 cyclicSequentialモードの場合 グループ全体の最後のピル番号を返す                                                                                    00:02 +158: #sequentialEstimatedEndPillNumber PillSheetAppearanceModeによる分岐 cyclicSequentialモードの場合 グループ全体の最後のピル番号を返す                                                                                    00:02 +158: #sequentialEstimatedEndPillNumber 異なるPillSheetTypeの場合 pillsheet_28の場合はtotalCount=28を返す                                                                                                     00:02 +159: #sequentialEstimatedEndPillNumber 異なるPillSheetTypeの場合 pillsheet_28の場合はtotalCount=28を返す                                                                                                     00:02 +159: #sequentialEstimatedEndPillNumber 異なるPillSheetTypeの場合 pillsheet_24_0の場合はtotalCount=24を返す                                                                                                   00:02 +160: #sequentialEstimatedEndPillNumber 異なるPillSheetTypeの場合 pillsheet_24_0の場合はtotalCount=24を返す                                                                                                   00:02 +160: #sequentialEstimatedEndPillNumber 異なるPillSheetTypeの場合 pillsheet_21_0（休薬期間なし21錠タイプ）の場合はtotalCount=21を返す                                                                                     00:02 +161: #sequentialEstimatedEndPillNumber 異なるPillSheetTypeの場合 pillsheet_21_0（休薬期間なし21錠タイプ）の場合はtotalCount=21を返す                                                                                     00:02 +161: #sequentialEstimatedEndPillNumber 複数のピルシートがある場合 2枚のピルシート（28錠×2）の場合、通し番号で56を返す                                                                                                              00:02 +162: #sequentialEstimatedEndPillNumber 複数のピルシートがある場合 2枚のピルシート（28錠×2）の場合、通し番号で56を返す                                                                                                              00:02 +162: #sequentialEstimatedEndPillNumber 複数のピルシートがある場合 3枚のピルシート（28錠×3）の場合、通し番号で84を返す                                                                                                              00:02 +163: #sequentialEstimatedEndPillNumber 複数のピルシートがある場合 3枚のピルシート（28錠×3）の場合、通し番号で84を返す                                                                                                              00:02 +163: #sequentialEstimatedEndPillNumber 複数のピルシートがある場合 異なるPillSheetTypeの組み合わせ（28錠 + 21錠）の場合、49を返す                                                                                                 00:02 +164: #sequentialEstimatedEndPillNumber 複数のピルシートがある場合 異なるPillSheetTypeの組み合わせ（28錠 + 21錠）の場合、49を返す                                                                                                 00:02 +164: #sequentialEstimatedEndPillNumber displayNumberSettingがある場合 beginPillNumberが設定されている場合、開始番号を考慮した終了番号を返す                                                                                     00:02 +165: #sequentialEstimatedEndPillNumber displayNumberSettingがある場合 beginPillNumberが設定されている場合、開始番号を考慮した終了番号を返す                                                                                     00:02 +165: #sequentialEstimatedEndPillNumber displayNumberSettingがある場合 endPillNumberが設定されている場合、周期に応じた終了番号を返す                                                                                          00:02 +166: #sequentialEstimatedEndPillNumber displayNumberSettingがある場合 endPillNumberが設定されている場合、周期に応じた終了番号を返す                                                                                          00:02 +166: #sequentialEstimatedEndPillNumber displayNumberSettingがある場合 endPillNumber=28で28錠ピルシートの場合、28を返す（境界値）                                                                                        00:02 +167: #sequentialEstimatedEndPillNumber displayNumberSettingがある場合 endPillNumber=28で28錠ピルシートの場合、28を返す（境界値）                                                                                        00:02 +167: #sequentialEstimatedEndPillNumber displayNumberSettingがある場合 beginPillNumber=5, endPillNumber=21で28錠の場合の周期                                                                                  00:02 +168: #sequentialEstimatedEndPillNumber displayNumberSettingがある場合 beginPillNumber=5, endPillNumber=21で28錠の場合の周期                                                                                  00:02 +168: #sequentialEstimatedEndPillNumber displayNumberSettingがある場合 複数ピルシートでendPillNumber設定がある場合                                                                                                   00:02 +169: #sequentialEstimatedEndPillNumber displayNumberSettingがある場合 複数ピルシートでendPillNumber設定がある場合                                                                                                   00:02 +169: #sequentialEstimatedEndPillNumber RestDurationがある場合 服用お休み期間がある場合でも、最終番号を正しく返す                                                                                                              00:02 +170: #sequentialEstimatedEndPillNumber RestDurationがある場合 服用お休み期間がある場合でも、最終番号を正しく返す                                                                                                              00:02 +170: #sequentialEstimatedEndPillNumber RestDurationがある場合 服用お休み期間が進行中（endDateがnull）の場合でも、ピルシートの最終番号を返す                                                                                           00:02 +171: #sequentialEstimatedEndPillNumber RestDurationがある場合 服用お休み期間が進行中（endDateがnull）の場合でも、ピルシートの最終番号を返す                                                                                           00:02 +171: #sequentialEstimatedEndPillNumber RestDurationがある場合 複数のピルシートで服用お休み期間がある場合                                                                                                                  00:02 +172: #sequentialEstimatedEndPillNumber RestDurationがある場合 複数のピルシートで服用お休み期間がある場合                                                                                                                  00:02 +172: #sequentialEstimatedEndPillNumber displayNumberSettingとRestDurationの複合ケース beginPillNumber設定と服用お休み期間がある場合                                                                                   00:02 +173: #sequentialEstimatedEndPillNumber displayNumberSettingとRestDurationの複合ケース beginPillNumber設定と服用お休み期間がある場合                                                                                   00:02 +173: #sequentialEstimatedEndPillNumber displayNumberSettingとRestDurationの複合ケース endPillNumber設定と服用お休み期間がある場合                                                                                     00:02 +174: #sequentialEstimatedEndPillNumber displayNumberSettingとRestDurationの複合ケース endPillNumber設定と服用お休み期間がある場合                                                                                     00:02 +174: #pillNumbersInPillSheet 単一のピルシートの場合 ピル番号は1からtotalCountまで順番に割り当てられる                                                                                                                         00:02 +175: #pillNumbersInPillSheet 単一のピルシートの場合 ピル番号は1からtotalCountまで順番に割り当てられる                                                                                                                         00:02 +175: #pillNumbersInPillSheet 単一のピルシートの場合 日付はbuildDatesで計算された日付と一致する                                                                                                                             00:02 +176: #pillNumbersInPillSheet 単一のピルシートの場合 日付はbuildDatesで計算された日付と一致する                                                                                                                             00:02 +176: #pillNumbersInPillSheet 単一のピルシートの場合 各要素にpillSheetが正しく紐付く                                                                                                                                   00:02 +177: #pillNumbersInPillSheet 単一のピルシートの場合 各要素にpillSheetが正しく紐付く                                                                                                                                   00:02 +177: #pillNumbersInPillSheet 複数のピルシートの場合 各ピルシートごとに1から番号が始まる                                                                                                                                     00:02 +178: #pillNumbersInPillSheet 複数のピルシートの場合 各ピルシートごとに1から番号が始まる                                                                                                                                     00:02 +178: #pillNumbersInPillSheet 複数のピルシートの場合 1枚目の最後の番号と2枚目の最初の番号が正しい（境界値）                                                                                                                           00:02 +179: #pillNumbersInPillSheet 複数のピルシートの場合 1枚目の最後の番号と2枚目の最初の番号が正しい（境界値）                                                                                                                           00:02 +179: #pillNumbersInPillSheet 複数のピルシートの場合 3枚のピルシートでも各シートごとに1から番号が始まる                                                                                                                             00:02 +180: #pillNumbersInPillSheet 複数のピルシートの場合 3枚のピルシートでも各シートごとに1から番号が始まる                                                                                                                             00:02 +180: #pillNumbersInPillSheet 服用お休み期間がある場合 番号は変わらないが日付がずれる                                                                                                                                       00:02 +181: #pillNumbersInPillSheet 服用お休み期間がある場合 番号は変わらないが日付がずれる                                                                                                                                       00:02 +181: #pillNumbersInPillSheet 服用お休み期間がある場合 複数の服用お休み期間がある場合も番号は変わらない                                                                                                                              00:02 +182: #pillNumbersInPillSheet 服用お休み期間がある場合 複数の服用お休み期間がある場合も番号は変わらない                                                                                                                              00:02 +182: #pillNumbersInPillSheet PillSheetTypeによる違い pillsheet_21の場合、totalCount=28で28個の要素が生成される                                                                                                      00:02 +183: #pillNumbersInPillSheet PillSheetTypeによる違い pillsheet_21の場合、totalCount=28で28個の要素が生成される                                                                                                      00:02 +183: #pillNumbersInPillSheet PillSheetTypeによる違い pillsheet_28_0の場合、totalCount=28で28個の要素が生成される                                                                                                    00:02 +184: #pillNumbersInPillSheet PillSheetTypeによる違い pillsheet_28_0の場合、totalCount=28で28個の要素が生成される                                                                                                    00:02 +184: #pillNumbersInPillSheet PillSheetTypeによる違い pillsheet_24_0の場合、totalCount=24で24個の要素が生成される                                                                                                    00:02 +185: #pillNumbersInPillSheet PillSheetTypeによる違い pillsheet_24_0の場合、totalCount=24で24個の要素が生成される                                                                                                    00:02 +185: #pillNumbersInPillSheet PillSheetAppearanceModeに依存しない numberモードでも同じ結果を返す                                                                                                                   00:02 +186: #pillNumbersInPillSheet PillSheetAppearanceModeに依存しない numberモードでも同じ結果を返す                                                                                                                   00:02 +186: #pillNumbersInPillSheet PillSheetAppearanceModeに依存しない dateモードでも同じ結果を返す                                                                                                                     00:02 +187: #pillNumbersInPillSheet PillSheetAppearanceModeに依存しない dateモードでも同じ結果を返す                                                                                                                     00:02 +187: #pillNumbersInPillSheet PillSheetAppearanceModeに依存しない sequentialモードでも同じ結果を返す                                                                                                               00:02 +188: #pillNumbersInPillSheet PillSheetAppearanceModeに依存しない sequentialモードでも同じ結果を返す                                                                                                               00:02 +188: #pillNumbersInPillSheet PillSheetAppearanceModeに依存しない cyclicSequentialモードでも同じ結果を返す                                                                                                         00:02 +189: #pillNumbersInPillSheet PillSheetAppearanceModeに依存しない cyclicSequentialモードでも同じ結果を返す                                                                                                         00:02 +189: #pillNumbersInPillSheet PillSheetGroupDisplayNumberSettingに依存しない displayNumberSettingが設定されていても結果は変わらない                                                                                     00:02 +190: #pillNumbersInPillSheet PillSheetGroupDisplayNumberSettingに依存しない displayNumberSettingが設定されていても結果は変わらない                                                                                     00:02 +190: #replaced 例外がスローされるケース pillSheet.idがnullの場合はFormatExceptionをスローする                                                                                                                          00:02 +191: #replaced 例外がスローされるケース pillSheet.idがnullの場合はFormatExceptionをスローする                                                                                                                          00:02 +191: #replaced 例外がスローされるケース pillSheet.idがpillSheetsに存在しない場合はFormatExceptionをスローする                                                                                                               00:02 +192: #replaced 例外がスローされるケース pillSheet.idがpillSheetsに存在しない場合はFormatExceptionをスローする                                                                                                               00:02 +192: #replaced ピルシートが1枚の場合 正常にピルシートを置き換えられる                                                                                                                                                     00:02 +193: #replaced ピルシートが1枚の場合 正常にピルシートを置き換えられる                                                                                                                                                     00:02 +193: #replaced ピルシートが1枚の場合 元のpillSheetGroupは変更されない（不変性の確認）                                                                                                                                      00:02 +194: #replaced ピルシートが1枚の場合 元のpillSheetGroupは変更されない（不変性の確認）                                                                                                                                      00:02 +194: #replaced ピルシートが複数枚の場合 1枚目のピルシートを置き換える                                                                                                                                                     00:02 +195: #replaced ピルシートが複数枚の場合 1枚目のピルシートを置き換える                                                                                                                                                     00:02 +195: #replaced ピルシートが複数枚の場合 中間（2枚目）のピルシートを置き換える                                                                                                                                                 00:02 +196: #replaced ピルシートが複数枚の場合 中間（2枚目）のピルシートを置き換える                                                                                                                                                 00:02 +196: #replaced ピルシートが複数枚の場合 最後（3枚目）のピルシートを置き換える                                                                                                                                                 00:02 +197: #replaced ピルシートが複数枚の場合 最後（3枚目）のピルシートを置き換える                                                                                                                                                 00:02 +197: #replaced 置き換えでピルシートの他のプロパティも更新される restDurationsが更新される                                                                                                                                     00:02 +198: #replaced 置き換えでピルシートの他のプロパティも更新される restDurationsが更新される                                                                                                                                     00:02 +198: #pillNumberWithoutDateOrZeroFromDate PillSheetAppearanceMode.number の場合 ピルシートが1つの場合 1日目のtargetDateで番号1を返す                                                                                  00:02 +199: #pillNumberWithoutDateOrZeroFromDate PillSheetAppearanceMode.number の場合 ピルシートが1つの場合 1日目のtargetDateで番号1を返す                                                                                  00:02 +199: #pillNumberWithoutDateOrZeroFromDate PillSheetAppearanceMode.number の場合 ピルシートが1つの場合 中間日のtargetDateで対応する番号を返す                                                                               00:02 +200: #pillNumberWithoutDateOrZeroFromDate PillSheetAppearanceMode.number の場合 ピルシートが1つの場合 中間日のtargetDateで対応する番号を返す                                                                               00:02 +200: #pillNumberWithoutDateOrZeroFromDate PillSheetAppearanceMode.number の場合 ピルシートが1つの場合 最終日のtargetDateで番号28を返す（境界値）                                                                            00:02 +201: #pillNumberWithoutDateOrZeroFromDate PillSheetAppearanceMode.number の場合 ピルシートが1つの場合 最終日のtargetDateで番号28を返す（境界値）                                                                            00:02 +201: #pillNumberWithoutDateOrZeroFromDate PillSheetAppearanceMode.number の場合 ピルシートが1つの場合 RestDurationがある場合、休薬期間分ずれた日付で番号を返す                                                                     00:02 +202: #pillNumberWithoutDateOrZeroFromDate PillSheetAppearanceMode.number の場合 ピルシートが1つの場合 RestDurationがある場合、休薬期間分ずれた日付で番号を返す                                                                     00:02 +202: #pillNumberWithoutDateOrZeroFromDate PillSheetAppearanceMode.number の場合 ピルシートが複数の場合 1枚目の最終日で番号28を返す（境界値）                                                                                   00:02 +203: #pillNumberWithoutDateOrZeroFromDate PillSheetAppearanceMode.number の場合 ピルシートが複数の場合 1枚目の最終日で番号28を返す（境界値）                                                                                   00:02 +203: #pillNumberWithoutDateOrZeroFromDate PillSheetAppearanceMode.number の場合 ピルシートが複数の場合 2枚目の1日目で番号1を返す（境界値）                                                                                    00:02 +204: #pillNumberWithoutDateOrZeroFromDate PillSheetAppearanceMode.number の場合 ピルシートが複数の場合 2枚目の1日目で番号1を返す（境界値）                                                                                    00:02 +204: #pillNumberWithoutDateOrZeroFromDate PillSheetAppearanceMode.number の場合 ピルシートが複数の場合 3枚目の中間日で番号を返す                                                                                          00:02 +205: #pillNumberWithoutDateOrZeroFromDate PillSheetAppearanceMode.number の場合 ピルシートが複数の場合 3枚目の中間日で番号を返す                                                                                          00:02 +205: #pillNumberWithoutDateOrZeroFromDate PillSheetAppearanceMode.date の場合 number モードと同様の番号を返す                                                                                                  00:02 +206: #pillNumberWithoutDateOrZeroFromDate PillSheetAppearanceMode.date の場合 number モードと同様の番号を返す                                                                                                  00:02 +206: #pillNumberWithoutDateOrZeroFromDate PillSheetAppearanceMode.sequential の場合 ピルシートが1つの場合 連続番号を返す                                                                                            00:02 +207: #pillNumberWithoutDateOrZeroFromDate PillSheetAppearanceMode.sequential の場合 ピルシートが1つの場合 連続番号を返す                                                                                            00:02 +207: #pillNumberWithoutDateOrZeroFromDate PillSheetAppearanceMode.sequential の場合 ピルシートが複数の場合 2枚目の1日目で連続番号29を返す（境界値）                                                                             00:02 +208: #pillNumberWithoutDateOrZeroFromDate PillSheetAppearanceMode.sequential の場合 ピルシートが複数の場合 2枚目の1日目で連続番号29を返す（境界値）                                                                             00:02 +208: #pillNumberWithoutDateOrZeroFromDate PillSheetAppearanceMode.sequential の場合 ピルシートが複数の場合 1枚目の最終日で連続番号28を返す（境界値）                                                                             00:02 +209: #pillNumberWithoutDateOrZeroFromDate PillSheetAppearanceMode.sequential の場合 ピルシートが複数の場合 1枚目の最終日で連続番号28を返す（境界値）                                                                             00:02 +209: #pillNumberWithoutDateOrZeroFromDate PillSheetAppearanceMode.sequential の場合 RestDurationがある場合 休薬期間終了後は1番から再開される                                                                            00:02 +210: #pillNumberWithoutDateOrZeroFromDate PillSheetAppearanceMode.sequential の場合 RestDurationがある場合 休薬期間終了後は1番から再開される                                                                            00:02 +210: #pillNumberWithoutDateOrZeroFromDate PillSheetAppearanceMode.sequential の場合 RestDurationがある場合 休薬期間前の番号は通常通り連続番号を返す                                                                         00:02 +211: #pillNumberWithoutDateOrZeroFromDate PillSheetAppearanceMode.sequential の場合 RestDurationがある場合 休薬期間前の番号は通常通り連続番号を返す                                                                         00:02 +211: #pillNumberWithoutDateOrZeroFromDate PillSheetAppearanceMode.cyclicSequential の場合 ピルシートが1つの場合 連続番号を返す                                                                                      00:02 +212: #pillNumberWithoutDateOrZeroFromDate PillSheetAppearanceMode.cyclicSequential の場合 ピルシートが1つの場合 連続番号を返す                                                                                      00:02 +212: #pillNumberWithoutDateOrZeroFromDate PillSheetAppearanceMode.cyclicSequential の場合 displayNumberSettingがある場合 beginPillNumberが設定されていると開始番号がずれる                                               00:02 +213: #pillNumberWithoutDateOrZeroFromDate PillSheetAppearanceMode.cyclicSequential の場合 displayNumberSettingがある場合 beginPillNumberが設定されていると開始番号がずれる                                               00:02 +213: #pillNumberWithoutDateOrZeroFromDate PillSheetAppearanceMode.cyclicSequential の場合 displayNumberSettingがある場合 endPillNumberが設定されていると終了番号で1に戻る                                                00:02 +214: #pillNumberWithoutDateOrZeroFromDate PillSheetAppearanceMode.cyclicSequential の場合 displayNumberSettingがある場合 endPillNumberが設定されていると終了番号で1に戻る                                                00:02 +214: #pillNumberWithoutDateOrZeroFromDate targetDateが見つからない場合 StateErrorが発生する                                                                                                                   00:02 +215: #pillNumberWithoutDateOrZeroFromDate targetDateが見つからない場合 StateErrorが発生する                                                                                                                   00:02 +215: #pillNumberWithoutDateOrZeroFromDate estimatedEventCausingDateが異なる場合 estimatedEventCausingDateにより日付計算が変わる                                                                                  00:02 +216: #pillNumberWithoutDateOrZeroFromDate estimatedEventCausingDateが異なる場合 estimatedEventCausingDateにより日付計算が変わる                                                                                  00:02 +216: #pillNumberWithoutDateOrZeroFromDate pillSheetAppearanceMode引数が異なる場合 PillSheetGroupのモードと異なるモードを引数に指定できる                                                                                    00:02 +217: #pillNumberWithoutDateOrZeroFromDate pillSheetAppearanceMode引数が異なる場合 PillSheetGroupのモードと異なるモードを引数に指定できる                                                                                    00:02 +217: #pillNumberWithoutDateOrZero pillNumberInPillSheet == 0 の場合 number モードで 0 を返す                                                                                                              00:02 +218: #pillNumberWithoutDateOrZero pillNumberInPillSheet == 0 の場合 number モードで 0 を返す                                                                                                              00:02 +218: #pillNumberWithoutDateOrZero pillNumberInPillSheet == 0 の場合 date モードで 0 を返す                                                                                                                00:02 +219: #pillNumberWithoutDateOrZero pillNumberInPillSheet == 0 の場合 date モードで 0 を返す                                                                                                                00:02 +219: #pillNumberWithoutDateOrZero pillNumberInPillSheet == 0 の場合 sequential モードで 0 を返す                                                                                                          00:02 +220: #pillNumberWithoutDateOrZero pillNumberInPillSheet == 0 の場合 sequential モードで 0 を返す                                                                                                          00:02 +220: #pillNumberWithoutDateOrZero pillNumberInPillSheet == 0 の場合 cyclicSequential モードで 0 を返す                                                                                                    00:02 +221: #pillNumberWithoutDateOrZero pillNumberInPillSheet == 0 の場合 cyclicSequential モードで 0 を返す                                                                                                    00:02 +221: #pillNumberWithoutDateOrZero PillSheetAppearanceMode.number の場合 ピルシートが1つの場合 pillNumberInPillSheet をそのまま返す                                                                                  00:02 +222: #pillNumberWithoutDateOrZero PillSheetAppearanceMode.number の場合 ピルシートが1つの場合 pillNumberInPillSheet をそのまま返す                                                                                  00:02 +222: #pillNumberWithoutDateOrZero PillSheetAppearanceMode.number の場合 ピルシートが複数の場合 各ページで pillNumberInPillSheet をそのまま返す（pageIndex は無視される）                                                          00:02 +223: #pillNumberWithoutDateOrZero PillSheetAppearanceMode.number の場合 ピルシートが複数の場合 各ページで pillNumberInPillSheet をそのまま返す（pageIndex は無視される）                                                          00:02 +223: #pillNumberWithoutDateOrZero PillSheetAppearanceMode.date の場合 number モードと同様に pillNumberInPillSheet をそのまま返す                                                                                 00:02 +224: #pillNumberWithoutDateOrZero PillSheetAppearanceMode.date の場合 number モードと同様に pillNumberInPillSheet をそのまま返す                                                                                 00:02 +224: #pillNumberWithoutDateOrZero PillSheetAppearanceMode.sequential の場合 ピルシートが1つの場合 連続番号を返す                                                                                                    00:02 +225: #pillNumberWithoutDateOrZero PillSheetAppearanceMode.sequential の場合 ピルシートが1つの場合 連続番号を返す                                                                                                    00:02 +225: #pillNumberWithoutDateOrZero PillSheetAppearanceMode.sequential の場合 ピルシートが複数の場合 1枚目の最終日で番号28を返す（境界値）                                                                                       00:02 +226: #pillNumberWithoutDateOrZero PillSheetAppearanceMode.sequential の場合 ピルシートが複数の場合 1枚目の最終日で番号28を返す（境界値）                                                                                       00:02 +226: #pillNumberWithoutDateOrZero PillSheetAppearanceMode.sequential の場合 ピルシートが複数の場合 2枚目の1日目で連続番号29を返す（境界値）                                                                                     00:02 +227: #pillNumberWithoutDateOrZero PillSheetAppearanceMode.sequential の場合 ピルシートが複数の場合 2枚目の1日目で連続番号29を返す（境界値）                                                                                     00:02 +227: #pillNumberWithoutDateOrZero PillSheetAppearanceMode.sequential の場合 ピルシートが複数の場合 2枚目の28日目で連続番号56を返す（境界値）                                                                                    00:02 +228: #pillNumberWithoutDateOrZero PillSheetAppearanceMode.sequential の場合 ピルシートが複数の場合 2枚目の28日目で連続番号56を返す（境界値）                                                                                    00:02 +228: #pillNumberWithoutDateOrZero PillSheetAppearanceMode.sequential の場合 ピルシートが複数の場合 3枚目の1日目で連続番号57を返す（境界値）                                                                                     00:02 +229: #pillNumberWithoutDateOrZero PillSheetAppearanceMode.sequential の場合 ピルシートが複数の場合 3枚目の1日目で連続番号57を返す（境界値）                                                                                     00:02 +229: #pillNumberWithoutDateOrZero PillSheetAppearanceMode.cyclicSequential の場合 ピルシートが1つの場合 連続番号を返す                                                                                              00:02 +230: #pillNumberWithoutDateOrZero PillSheetAppearanceMode.cyclicSequential の場合 ピルシートが1つの場合 連続番号を返す                                                                                              00:02 +230: #pillNumberWithoutDateOrZero PillSheetAppearanceMode.cyclicSequential の場合 ピルシートが複数の場合 2枚目の1日目で連続番号29を返す（境界値）                                                                               00:02 +231: #pillNumberWithoutDateOrZero PillSheetAppearanceMode.cyclicSequential の場合 ピルシートが複数の場合 2枚目の1日目で連続番号29を返す（境界値）                                                                               00:02 +231: #pillNumberWithoutDateOrZero PillSheetAppearanceMode.cyclicSequential の場合 displayNumberSettingがある場合 beginPillNumberが設定されていると開始番号がずれる                                                       00:02 +232: #pillNumberWithoutDateOrZero PillSheetAppearanceMode.cyclicSequential の場合 displayNumberSettingがある場合 beginPillNumberが設定されていると開始番号がずれる                                                       00:02 +232: #pillNumberWithoutDateOrZero PillSheetAppearanceMode.cyclicSequential の場合 displayNumberSettingがある場合 endPillNumberが設定されていると終了番号で1に戻る                                                        00:02 +233: #pillNumberWithoutDateOrZero PillSheetAppearanceMode.cyclicSequential の場合 displayNumberSettingがある場合 endPillNumberが設定されていると終了番号で1に戻る                                                        00:02 +233: #pillNumberWithoutDateOrZero PillSheetAppearanceMode.cyclicSequential の場合 displayNumberSettingがある場合 beginPillNumber と endPillNumber の両方が設定されている場合                                          00:02 +234: #pillNumberWithoutDateOrZero PillSheetAppearanceMode.cyclicSequential の場合 displayNumberSettingがある場合 beginPillNumber と endPillNumber の両方が設定されている場合                                          00:02 +234: #pillNumberWithoutDateOrZero pillSheetAppearanceMode引数がPillSheetGroupのモードと異なる場合 引数で指定したモードで計算される                                                                                           00:02 +235: #pillNumberWithoutDateOrZero pillSheetAppearanceMode引数がPillSheetGroupのモードと異なる場合 引数で指定したモードで計算される                                                                                           00:02 +235: #displayPillNumberOrDate PillSheetAppearanceMode.number の場合 ピルシートが1つの場合 pillNumberInPillSheet をそのまま文字列で返す                                                                                  00:02 +236: #displayPillNumberOrDate PillSheetAppearanceMode.number の場合 ピルシートが1つの場合 pillNumberInPillSheet をそのまま文字列で返す                                                                                  00:02 +236: #displayPillNumberOrDate PillSheetAppearanceMode.number の場合 ピルシートが複数の場合 各ページで pillNumberInPillSheet をそのまま返す（pageIndex は無視される）                                                              00:02 +237: #displayPillNumberOrDate PillSheetAppearanceMode.number の場合 ピルシートが複数の場合 各ページで pillNumberInPillSheet をそのまま返す（pageIndex は無視される）                                                              00:02 +237: #displayPillNumberOrDate PillSheetAppearanceMode.date の場合 premiumOrTrial == true の場合 日付を文字列で返す                                                                                             00:02 +238: #displayPillNumberOrDate PillSheetAppearanceMode.date の場合 premiumOrTrial == true の場合 日付を文字列で返す                                                                                             00:02 +238: #displayPillNumberOrDate PillSheetAppearanceMode.date の場合 premiumOrTrial == true の場合 ピルシートが複数の場合 各ページで正しい日付を返す（境界値）                                                                        00:02 +239: #displayPillNumberOrDate PillSheetAppearanceMode.date の場合 premiumOrTrial == true の場合 ピルシートが複数の場合 各ページで正しい日付を返す（境界値）                                                                        00:02 +239: #displayPillNumberOrDate PillSheetAppearanceMode.date の場合 premiumOrTrial == true の場合 服用お休み期間がある場合 休薬期間を考慮した日付を返す                                                                           00:02 +240: #displayPillNumberOrDate PillSheetAppearanceMode.date の場合 premiumOrTrial == true の場合 服用お休み期間がある場合 休薬期間を考慮した日付を返す                                                                           00:02 +240: #displayPillNumberOrDate PillSheetAppearanceMode.date の場合 premiumOrTrial == false の場合 pillNumberInPillSheet をそのまま文字列で返す（日付ではない）                                                            00:02 +241: #displayPillNumberOrDate PillSheetAppearanceMode.date の場合 premiumOrTrial == false の場合 pillNumberInPillSheet をそのまま文字列で返す（日付ではない）                                                            00:02 +241: #displayPillNumberOrDate PillSheetAppearanceMode.sequential の場合 ピルシートが1つの場合 連続番号を文字列で返す                                                                                                    00:02 +242: #displayPillNumberOrDate PillSheetAppearanceMode.sequential の場合 ピルシートが1つの場合 連続番号を文字列で返す                                                                                                    00:02 +242: #displayPillNumberOrDate PillSheetAppearanceMode.sequential の場合 ピルシートが複数の場合 連続番号を返す（境界値）                                                                                                   00:02 +243: #displayPillNumberOrDate PillSheetAppearanceMode.sequential の場合 ピルシートが複数の場合 連続番号を返す（境界値）                                                                                                   00:02 +243: #displayPillNumberOrDate PillSheetAppearanceMode.sequential の場合 displayNumberSetting がある場合 beginPillNumber が設定されている場合、その番号から開始する                                                           00:02 +244: #displayPillNumberOrDate PillSheetAppearanceMode.sequential の場合 displayNumberSetting がある場合 beginPillNumber が設定されている場合、その番号から開始する                                                           00:02 +244: #displayPillNumberOrDate PillSheetAppearanceMode.sequential の場合 displayNumberSetting がある場合 endPillNumber が設定されている場合、その番号を超えると1に戻る                                                          00:02 +245: #displayPillNumberOrDate PillSheetAppearanceMode.sequential の場合 displayNumberSetting がある場合 endPillNumber が設定されている場合、その番号を超えると1に戻る                                                          00:02 +245: #displayPillNumberOrDate PillSheetAppearanceMode.sequential の場合 服用お休み期間がある場合 休薬期間終了後は1番から再開する                                                                                              00:02 +246: #displayPillNumberOrDate PillSheetAppearanceMode.sequential の場合 服用お休み期間がある場合 休薬期間終了後は1番から再開する                                                                                              00:02 +246: #displayPillNumberOrDate PillSheetAppearanceMode.cyclicSequential の場合 ピルシートが1つの場合 連続番号を文字列で返す（sequential と同じ動作）                                                                            00:02 +247: #displayPillNumberOrDate PillSheetAppearanceMode.cyclicSequential の場合 ピルシートが1つの場合 連続番号を文字列で返す（sequential と同じ動作）                                                                            00:02 +247: #displayPillNumberOrDate PillSheetAppearanceMode.cyclicSequential の場合 ピルシートが複数の場合 連続番号を返す（境界値）                                                                                             00:02 +248: #displayPillNumberOrDate PillSheetAppearanceMode.cyclicSequential の場合 ピルシートが複数の場合 連続番号を返す（境界値）                                                                                             00:02 +248: #displayPillNumberOrDate PillSheetAppearanceMode.cyclicSequential の場合 displayNumberSetting がある場合 beginPillNumber と endPillNumber の両方が設定されている場合                                             00:02 +249: #displayPillNumberOrDate PillSheetAppearanceMode.cyclicSequential の場合 displayNumberSetting がある場合 beginPillNumber と endPillNumber の両方が設定されている場合                                             00:02 +249: #displayPillNumberOrDate 異なる PillSheetType の場合 pillsheet_21（21錠+休薬7日）の場合も正しく動作する                                                                                                           00:02 +250: #displayPillNumberOrDate 異なる PillSheetType の場合 pillsheet_21（21錠+休薬7日）の場合も正しく動作する                                                                                                           00:02 +250: #displayPillNumberOrDate 異なる PillSheetType の場合 pillsheet_24_0（24錠タイプ）の場合も正しく動作する                                                                                                           00:02 +251: #displayPillNumberOrDate 異なる PillSheetType の場合 pillsheet_24_0（24錠タイプ）の場合も正しく動作する                                                                                                           00:02 +251: All tests passed!                                                                                                                                                                          
